Warning 3: Cannot find gdalvrt.xsd (GDAL_DATA is not defined)
2026-09-12 01:40:36,468 - __main__ - INFO - Initializing app...
2026-09-12 01:40:36,468 - __main__ - INFO - Loading model from C:\Users\aarus\Landslide Data Access SIH\landslide_model_package.joblib
2026-09-12 01:40:37,481 - __main__ - INFO - Opening DEM from C:\Users\aarus\Landslide Data Access SIH\himalayan_cop90_dem.tif
2026-09-12 01:40:37,490 - rasterio._env - WARNING - CPLE_FileIO in Cannot find gdalvrt.xsd (GDAL_DATA is not defined)
2026-09-12 01:40:37,492 - __main__ - INFO - Fetching GEM Active Faults from https://raw.githubusercontent.com/GEMScienceTools/gem-global-active-faults/master/geojson/gem_active_faults.geojson
2026-09-12 01:40:40,352 - __main__ - INFO - Clipping faults to bbox
2026-09-12 01:40:40,366 - __main__ - INFO - Projecting faults to EPSG:32645
2026-09-12 01:40:40,375 - __main__ - INFO - Computing unary union of faults
C:\Users\aarus\Landslide Data Access SIH\python-service\app.py:74: DeprecationWarning: The 'unary_union' attribute is deprecated, use the 'union_all()' method instead.
  fault_network_utm = faults_utm.geometry.unary_union
2026-09-12 01:40:40,381 - __main__ - INFO - Initialization complete.
2026-09-12 01:40:40,401 - werkzeug - INFO - [31m[1mWARNING: This is a development server. Do not use it in a production deployment. Use a production WSGI server instead.[0m
 * Running on all addresses (0.0.0.0)
 * Running on http://127.0.0.1:5001
 * Running on http://192.168.29.197:5001
2026-09-12 01:40:40,402 - werkzeug - INFO - [33mPress CTRL+C to quit[0m
2026-09-12 01:41:28,688 - rasterio._err - INFO - GDAL signalled an error: err_no=1, msg='LZWDecode:LZWDecode: Strip 4294967295 not terminated with EOI code'
2026-09-12 01:41:28,690 - rasterio._err - INFO - GDAL signalled an error: err_no=1, msg='TIFFReadEncodedTile() failed.'
2026-09-12 01:41:28,695 - rasterio._err - INFO - GDAL signalled an error: err_no=1, msg='C:\\Users\\aarus\\Landslide Data Access SIH\\himalayan_cop90_dem.tif:Using code not yet in table'
2026-09-12 01:41:28,696 - rasterio._err - INFO - GDAL signalled an error: err_no=1, msg='himalayan_cop90_dem.tif, band 1: IReadBlock failed at X offset 12, Y offset 59: TIFFReadEncodedTile() failed.'
2026-09-12 01:41:28,696 - rasterio._err - INFO - GDAL signalled an error: err_no=1, msg='TIFFReadEncodedTile() failed.'
2026-09-12 01:41:28,700 - __main__ - ERROR - Error extracting elevation/slope: Read failed. See previous exception for details.
2026-09-12 01:41:28,701 - rasterio._err - INFO - GDAL signalled an error: err_no=1, msg='himalayan_cop90_dem.tif, band 1: IReadBlock failed at X offset 19, Y offset 59: TIFFReadEncodedTile() failed.'
2026-09-12 01:41:28,704 - __main__ - ERROR - Error extracting elevation/slope: Read failed. See previous exception for details.
